// Jest Snapshot v1, https://goo.gl/fbAQLP

exports[`src/components/fields/Select render 1`] = `
<div>
  <label />
  <select
    className=""
  >
    <option
      disabled={true}
      value=""
    />
    <option
      value=""
    >
      
    </option>
  </select>
</div>
`;
