// Jest Snapshot v1, https://goo.gl/fbAQLP

exports[`src/pages/Error404 render 1`] = `
<section>
  <h2>
    Page not found
  </h2>
  <p>
    <link
      to="/"
    >
      Back to home
    </link>
  </p>
</section>
`;
