// Jest Snapshot v1, https://goo.gl/fbAQLP

exports[`src/components/elements/Button render 1`] = `
<button
  className=""
  onClick={[Function]}
/>
`;
